2026-10-07T23:55:20 done=10/4225 elapsed=10.1s eta=4242.8s last=C1,Check,beta=0.0009283,n_target=0,gamma=1,protect=False,never_cancel=False
2026-10-07T23:55:29 done=20/4225 elapsed=19.2s eta=4034.7s last=C1,Check,beta=0.1125,n_target=0,gamma=1,protect=False,never_cancel=False
2026-10-07T23:55:52 done=30/4225 elapsed=41.3s eta=5777.2s last=C1,P2 only,beta=2e-05,n_target=0,gamma=30,protect=False,never_cancel=False
2026-10-07T23:56:50 done=40/4225 elapsed=100.2s eta=10478.4s last=C1,P1 only (protect),beta=2e-05,n_target=15,gamma=1,protect=True,never_cancel=False
2026-10-07T23:57:11 done=50/4225 elapsed=120.8s eta=10086.5s last=C1,P1+P2,beta=2e-05,n_target=10,gamma=30,protect=False,never_cancel=False
2026-10-07T23:58:44 done=60/4225 elapsed=214.0s eta=14854.6s last=C1,P1+P2,beta=2e-05,n_target=20,gamma=3,protect=False,never_cancel=False
2026-10-08T00:00:04 done=62/4225 elapsed=293.5s eta=19704.0s last=C1,P1+P2,beta=2e-05,n_target=20,gamma=30,protect=False,never_cancel=False
2026-10-08T00:01:23 done=64/4225 elapsed=373.1s eta=24260.1s last=C1,P1+P2,beta=2e-05,n_target=20,gamma=300,protect=False,never_cancel=False
2026-10-08T00:02:08 done=70/4225 elapsed=418.2s eta=24823.4s last=C1,P1+P2 (protect),beta=2e-05,n_target=5,gamma=300,protect=True,never_cancel=False
2026-10-08T00:02:25 done=80/4225 elapsed=435.0s eta=22540.8s last=C1,P1+P2 (protect),beta=2e-05,n_target=15,gamma=30,protect=True,never_cancel=False
2026-10-08T00:03:34 done=90/4225 elapsed=503.9s eta=23150.4s last=C1,NoCancel,beta=5.22e-05,n_target=0,gamma=1,protect=False,never_cancel=True
2026-10-08T00:04:31 done=100/4225 elapsed=561.0s eta=23139.9s last=C1,P1 only,beta=5.22e-05,n_target=20,gamma=1,protect=False,never_cancel=False
2026-10-08T00:04:51 done=110/4225 elapsed=580.9s eta=21731.0s last=C1,P1+P2,beta=5.22e-05,n_target=5,gamma=1000,protect=False,never_cancel=False
2026-10-08T00:05:34 done=120/4225 elapsed=623.4s eta=21325.1s last=C1,P1+P2,beta=5.22e-05,n_target=15,gamma=100,protect=False,never_cancel=False
2026-10-08T00:07:09 done=124/4225 elapsed=718.4s eta=23758.7s last=C1,P1+P2,beta=5.22e-05,n_target=20,gamma=10,protect=False,never_cancel=False
2026-10-08T00:08:28 done=126/4225 elapsed=797.3s eta=25938.2s last=C1,P1+P2,beta=5.22e-05,n_target=20,gamma=100,protect=False,never_cancel=False
2026-10-08T00:09:47 done=128/4225 elapsed=876.4s eta=28052.5s last=C1,P1+P2,beta=5.22e-05,n_target=20,gamma=1000,protect=False,never_cancel=False
2026-10-08T00:09:49 done=130/4225 elapsed=878.6s eta=27676.1s last=C1,P1+P2 (protect),beta=5.22e-05,n_target=5,gamma=10,protect=True,never_cancel=False
2026-10-08T00:10:01 done=140/4225 elapsed=890.9s eta=25995.4s last=C1,P1+P2 (protect),beta=5.22e-05,n_target=10,gamma=1000,protect=True,never_cancel=False
2026-10-08T00:10:49 done=150/4225 elapsed=938.9s eta=25506.5s last=C1,P1+P2 (protect),beta=5.22e-05,n_target=20,gamma=100,protect=True,never_cancel=False
2026-10-08T00:11:26 done=160/4225 elapsed=975.5s eta=24783.8s last=C1,P1 only,beta=0.0001363,n_target=5,gamma=1,protect=False,never_cancel=False
2026-10-08T00:12:28 done=167/4225 elapsed=1038.0s eta=25222.6s last=C1,P1 only (protect),beta=0.0001363,n_target=20,gamma=1,protect=True,never_cancel=False
2026-10-08T00:12:32 done=170/4225 elapsed=1041.4s eta=24841.3s last=C1,P1+P2,beta=0.0001363,n_target=5,gamma=30,protect=False,never_cancel=False
2026-10-08T00:12:54 done=180/4225 elapsed=1063.8s eta=23905.4s last=C1,P1+P2,beta=0.0001363,n_target=15,gamma=3,protect=False,never_cancel=False
2026-10-08T00:14:13 done=186/4225 elapsed=1142.8s eta=24815.7s last=C1,P1+P2,beta=0.0001363,n_target=20,gamma=3,protect=False,never_cancel=False
2026-10-08T00:15:32 done=188/4225 elapsed=1222.1s eta=26242.8s last=C1,P1+P2,beta=0.0001363,n_target=20,gamma=30,protect=False,never_cancel=False
2026-10-08T00:16:52 done=190/4225 elapsed=1301.5s eta=27640.4s last=C1,P1+P2,beta=0.0001363,n_target=20,gamma=300,protect=False,never_cancel=False
2026-10-08T00:17:42 done=200/4225 elapsed=1351.4s eta=27196.7s last=C1,P1+P2 (protect),beta=0.0001363,n_target=10,gamma=30,protect=True,never_cancel=False
2026-10-08T00:18:09 done=210/4225 elapsed=1378.7s eta=26359.2s last=C1,P1+P2 (protect),beta=0.0001363,n_target=20,gamma=3,protect=True,never_cancel=False
2026-10-08T00:19:06 done=220/4225 elapsed=1436.0s eta=26142.5s last=C1,P2 only,beta=0.0003557,n_target=0,gamma=100,protect=False,never_cancel=False
2026-10-08T00:20:12 done=230/4225 elapsed=1502.0s eta=26088.7s last=C1,P1 only (protect),beta=0.0003557,n_target=20,gamma=1,protect=True,never_cancel=False
2026-10-08T00:20:26 done=240/4225 elapsed=1516.2s eta=25174.8s last=C1,P1+P2,beta=0.0003557,n_target=10,gamma=100,protect=False,never_cancel=False
2026-10-08T00:21:57 done=249/4225 elapsed=1606.4s eta=25650.3s last=C1,P1+P2,beta=0.0003557,n_target=20,gamma=3,protect=False,never_cancel=False
2026-10-08T00:22:36 done=250/4225 elapsed=1646.2s eta=26174.6s last=C1,P1+P2,beta=0.0003557,n_target=20,gamma=10,protect=False,never_cancel=False
2026-10-08T00:23:55 done=252/4225 elapsed=1725.1s eta=27198.3s last=C1,P1+P2,beta=0.0003557,n_target=20,gamma=100,protect=False,never_cancel=False
2026-10-08T00:30:48 done=260/4225 elapsed=43.9s eta=24838.3s last=C1,P1+P2 (protect),beta=0.0003557,n_target=5,gamma=1000,protect=True,never_cancel=False
2026-10-08T00:31:04 done=270/4225 elapsed=60.2s eta=13994.8s last=C1,P1+P2 (protect),beta=0.0003557,n_target=15,gamma=100,protect=True,never_cancel=False
2026-10-08T00:32:04 done=279/4225 elapsed=120.4s eta=18270.6s last=C1,NoCancel,beta=0.0009283,n_target=0,gamma=1,protect=False,never_cancel=True
2026-10-08T00:32:05 done=280/4225 elapsed=121.4s eta=17736.9s last=C1,P2 only,beta=0.0009283,n_target=0,gamma=3,protect=False,never_cancel=False
2026-10-08T00:32:57 done=290/4225 elapsed=172.6s eta=18351.2s last=C1,P1 only (protect),beta=0.0009283,n_target=5,gamma=1,protect=True,never_cancel=False
2026-10-08T00:33:15 done=300/4225 elapsed=191.0s eta=15949.7s last=C1,P1+P2,beta=0.0009283,n_target=10,gamma=3,protect=False,never_cancel=False
2026-10-08T00:33:58 done=310/4225 elapsed=234.1s eta=16076.5s last=C1,P1+P2,beta=0.0009283,n_target=15,gamma=300,protect=False,never_cancel=False
2026-10-08T00:35:23 done=313/4225 elapsed=319.1s eta=20805.7s last=C1,P1+P2,beta=0.0009283,n_target=20,gamma=10,protect=False,never_cancel=False
2026-10-08T00:36:34 done=315/4225 elapsed=390.2s eta=24610.8s last=C1,P1+P2,beta=0.0009283,n_target=20,gamma=100,protect=False,never_cancel=False
2026-10-08T00:37:46 done=317/4225 elapsed=461.6s eta=28186.4s last=C1,P1+P2,beta=0.0009283,n_target=20,gamma=1000,protect=False,never_cancel=False
2026-10-08T00:37:48 done=320/4225 elapsed=464.5s eta=27072.8s last=C1,P1+P2 (protect),beta=0.0009283,n_target=5,gamma=30,protect=True,never_cancel=False
2026-10-08T00:38:01 done=330/4225 elapsed=476.9s eta=24121.3s last=C1,P1+P2 (protect),beta=0.0009283,n_target=15,gamma=3,protect=True,never_cancel=False
2026-10-08T00:38:48 done=340/4225 elapsed=524.4s eta=23416.0s last=C1,P1+P2 (protect),beta=0.0009283,n_target=20,gamma=300,protect=True,never_cancel=False
2026-10-08T00:39:16 done=350/4225 elapsed=551.9s eta=22045.8s last=C1,P1 only,beta=0.002423,n_target=10,gamma=1,protect=False,never_cancel=False
2026-10-08T00:40:14 done=360/4225 elapsed=610.4s eta=22047.3s last=C1,P1+P2,beta=0.002423,n_target=5,gamma=100,protect=False,never_cancel=False
2026-10-08T00:40:40 done=370/4225 elapsed=636.2s eta=20960.9s last=C1,P1+P2,beta=0.002423,n_target=15,gamma=10,protect=False,never_cancel=False
2026-10-08T00:41:48 done=375/4225 elapsed=703.7s eta=22206.1s last=C1,P1+P2,beta=0.002423,n_target=20,gamma=3,protect=False,never_cancel=False
2026-10-08T00:43:00 done=377/4225 elapsed=775.7s eta=24072.4s last=C1,P1+P2,beta=0.002423,n_target=20,gamma=30,protect=False,never_cancel=False
2026-10-08T00:44:12 done=379/4225 elapsed=847.8s eta=25879.2s last=C1,P1+P2,beta=0.002423,n_target=20,gamma=300,protect=False,never_cancel=False
2026-10-08T00:44:48 done=380/4225 elapsed=883.7s eta=26754.1s last=C1,P1+P2,beta=0.002423,n_target=20,gamma=1000,protect=False,never_cancel=False
2026-10-08T00:44:58 done=390/4225 elapsed=894.4s eta=25037.8s last=C1,P1+P2 (protect),beta=0.002423,n_target=10,gamma=100,protect=True,never_cancel=False
2026-10-08T00:45:30 done=400/4225 elapsed=925.6s eta=24084.7s last=C1,P1+P2 (protect),beta=0.002423,n_target=20,gamma=10,protect=True,never_cancel=False
2026-10-08T00:46:15 done=410/4225 elapsed=971.5s eta=23607.1s last=C1,P2 only,beta=0.006325,n_target=0,gamma=300,protect=False,never_cancel=False
2026-10-08T00:47:15 done=420/4225 elapsed=1031.3s eta=23498.6s last=C1,P1+P2,beta=0.006325,n_target=5,gamma=3,protect=False,never_cancel=False
2026-10-08T00:47:29 done=430/4225 elapsed=1044.9s eta=22404.4s last=C1,P1+P2,beta=0.006325,n_target=10,gamma=300,protect=False,never_cancel=False
2026-10-08T00:48:49 done=438/4225 elapsed=1125.3s eta=23035.5s last=C1,P1+P2,beta=0.006325,n_target=20,gamma=3,protect=False,never_cancel=False
2026-10-08T00:50:01 done=440/4225 elapsed=1197.3s eta=24233.9s last=C1,P1+P2,beta=0.006325,n_target=20,gamma=30,protect=False,never_cancel=False
2026-10-08T00:51:13 done=442/4225 elapsed=1268.7s eta=25394.6s last=C1,P1+P2,beta=0.006325,n_target=20,gamma=300,protect=False,never_cancel=False
2026-10-08T00:51:56 done=450/4225 elapsed=1311.6s eta=25134.4s last=C1,P1+P2 (protect),beta=0.006325,n_target=10,gamma=3,protect=True,never_cancel=False
2026-10-08T00:52:13 done=460/4225 elapsed=1329.5s eta=24181.5s last=C1,P1+P2 (protect),beta=0.006325,n_target=15,gamma=300,protect=True,never_cancel=False
2026-10-08T00:53:14 done=470/4225 elapsed=1389.8s eta=24050.2s last=C1,P2 only,beta=0.01651,n_target=0,gamma=10,protect=False,never_cancel=False
2026-10-08T00:54:05 done=480/4225 elapsed=1441.5s eta=23781.5s last=C1,P1 only (protect),beta=0.01651,n_target=10,gamma=1,protect=True,never_cancel=False
2026-10-08T00:54:25 done=490/4225 elapsed=1460.6s eta=23019.0s last=C1,P1+P2,beta=0.01651,n_target=10,gamma=10,protect=False,never_cancel=False
2026-10-08T00:55:14 done=500/4225 elapsed=1510.2s eta=22775.2s last=C1,P1+P2,beta=0.01651,n_target=15,gamma=1000,protect=False,never_cancel=False
2026-10-08T00:56:26 done=502/4225 elapsed=1582.0s eta=23653.5s last=C1,P1+P2,beta=0.01651,n_target=20,gamma=10,protect=False,never_cancel=False
2026-10-08T00:57:38 done=504/4225 elapsed=1654.0s eta=24520.7s last=C1,P1+P2,beta=0.01651,n_target=20,gamma=100,protect=False,never_cancel=False
2026-10-08T00:58:50 done=506/4225 elapsed=1725.5s eta=25364.7s last=C1,P1+P2,beta=0.01651,n_target=20,gamma=1000,protect=False,never_cancel=False
2026-10-08T00:58:54 done=510/4225 elapsed=1729.7s eta=25002.9s last=C1,P1+P2 (protect),beta=0.01651,n_target=5,gamma=100,protect=True,never_cancel=False
2026-10-08T00:59:08 done=520/4225 elapsed=1743.7s eta=24196.3s last=C1,P1+P2 (protect),beta=0.01651,n_target=15,gamma=10,protect=True,never_cancel=False
2026-10-08T01:00:01 done=530/4225 elapsed=1796.7s eta=23967.4s last=C1,P1+P2 (protect),beta=0.01651,n_target=20,gamma=1000,protect=True,never_cancel=False
2026-10-08T01:00:29 done=540/4225 elapsed=1825.0s eta=23432.6s last=C1,P1 only,beta=0.04309,n_target=15,gamma=1,protect=False,never_cancel=False
2026-10-08T01:01:22 done=550/4225 elapsed=1877.8s eta=23235.1s last=C1,P1+P2,beta=0.04309,n_target=5,gamma=300,protect=False,never_cancel=False
2026-10-08T01:01:54 done=560/4225 elapsed=1910.2s eta=22804.1s last=C1,P1+P2,beta=0.04309,n_target=15,gamma=30,protect=False,never_cancel=False
2026-10-08T01:03:28 done=565/4225 elapsed=2003.6s eta=23504.0s last=C1,P1+P2,beta=0.04309,n_target=20,gamma=10,protect=False,never_cancel=False
2026-10-08T01:04:39 done=567/4225 elapsed=2075.0s eta=24173.0s last=C1,P1+P2,beta=0.04309,n_target=20,gamma=100,protect=False,never_cancel=False
2026-10-08T01:05:51 done=569/4225 elapsed=2147.0s eta=24839.9s last=C1,P1+P2,beta=0.04309,n_target=20,gamma=1000,protect=False,never_cancel=False
2026-10-08T01:05:52 done=570/4225 elapsed=2148.0s eta=24766.5s last=C1,P1+P2 (protect),beta=0.04309,n_target=5,gamma=3,protect=True,never_cancel=False
2026-10-08T01:06:03 done=580/4225 elapsed=2159.0s eta=24065.6s last=C1,P1+P2 (protect),beta=0.04309,n_target=10,gamma=300,protect=True,never_cancel=False
2026-10-08T01:06:40 done=590/4225 elapsed=2196.0s eta=23686.4s last=C1,P1+P2 (protect),beta=0.04309,n_target=20,gamma=30,protect=True,never_cancel=False
2026-10-08T01:07:19 done=600/4225 elapsed=2235.5s eta=23353.4s last=C1,P2 only,beta=0.1125,n_target=0,gamma=1000,protect=False,never_cancel=False
2026-10-08T01:08:19 done=610/4225 elapsed=2295.3s eta=23242.7s last=C1,P1+P2,beta=0.1125,n_target=5,gamma=10,protect=False,never_cancel=False
2026-10-08T01:08:33 done=620/4225 elapsed=2309.3s eta=22684.4s last=C1,P1+P2,beta=0.1125,n_target=10,gamma=1000,protect=False,never_cancel=False
2026-10-08T01:09:52 done=627/4225 elapsed=2387.7s eta=22970.8s last=C1,P1+P2,beta=0.1125,n_target=20,gamma=3,protect=False,never_cancel=False
2026-10-08T02:11:30 done=630/4225 elapsed=78.4s eta=140897.0s last=C1,P1+P2,beta=0.1125,n_target=20,gamma=100,protect=False,never_cancel=False
2026-10-08T02:12:45 done=632/4225 elapsed=153.0s eta=137456.0s last=C1,P1+P2,beta=0.1125,n_target=20,gamma=1000,protect=False,never_cancel=False
2026-10-08T02:12:53 done=640/4225 elapsed=161.5s eta=48244.0s last=C1,P1+P2 (protect),beta=0.1125,n_target=10,gamma=10,protect=True,never_cancel=False
2026-10-08T02:13:12 done=650/4225 elapsed=180.1s eta=29267.8s last=C1,P1+P2 (protect),beta=0.1125,n_target=15,gamma=1000,protect=True,never_cancel=False
2026-10-08T02:14:13 done=659/4225 elapsed=240.7s eta=27690.6s last=C1,P2 only,beta=0.2936,n_target=0,gamma=10,protect=False,never_cancel=False
2026-10-08T02:14:13 done=660/4225 elapsed=241.7s eta=26923.4s last=C1,P2 only,beta=0.2936,n_target=0,gamma=30,protect=False,never_cancel=False
2026-10-08T02:15:09 done=670/4225 elapsed=297.5s eta=25178.1s last=C1,P1 only (protect),beta=0.2936,n_target=15,gamma=1,protect=True,never_cancel=False
2026-10-08T02:15:29 done=680/4225 elapsed=317.7s eta=21657.7s last=C1,P1+P2,beta=0.2936,n_target=10,gamma=30,protect=False,never_cancel=False
2026-10-08T02:16:54 done=690/4225 elapsed=402.1s eta=22928.8s last=C1,P1+P2,beta=0.2936,n_target=20,gamma=3,protect=False,never_cancel=False
2026-10-08T02:18:07 done=692/4225 elapsed=475.2s eta=26233.6s last=C1,P1+P2,beta=0.2936,n_target=20,gamma=30,protect=False,never_cancel=False
2026-10-08T02:19:19 done=694/4225 elapsed=547.7s eta=29301.5s last=C1,P1+P2,beta=0.2936,n_target=20,gamma=300,protect=False,never_cancel=False
2026-10-08T02:20:01 done=700/4225 elapsed=589.2s eta=28844.7s last=C1,P1+P2 (protect),beta=0.2936,n_target=5,gamma=300,protect=True,never_cancel=False
2026-10-08T02:20:17 done=710/4225 elapsed=604.8s eta=25927.1s last=C1,P1+P2 (protect),beta=0.2936,n_target=15,gamma=30,protect=True,never_cancel=False
2026-10-08T02:21:20 done=720/4225 elapsed=668.7s eta=25474.3s last=C1,NoCancel,beta=0.7662,n_target=0,gamma=1,protect=False,never_cancel=True
2026-10-08T02:22:13 done=730/4225 elapsed=721.4s eta=24720.2s last=C1,P1 only,beta=0.7662,n_target=20,gamma=1,protect=False,never_cancel=False
2026-10-08T02:22:32 done=740/4225 elapsed=739.7s eta=23017.4s last=C1,P1+P2,beta=0.7662,n_target=5,gamma=1000,protect=False,never_cancel=False
2026-10-08T02:23:11 done=750/4225 elapsed=779.1s eta=22192.3s last=C1,P1+P2,beta=0.7662,n_target=15,gamma=100,protect=False,never_cancel=False
2026-10-08T02:24:38 done=754/4225 elapsed=866.6s eta=23872.5s last=C1,P1+P2,beta=0.7662,n_target=20,gamma=10,protect=False,never_cancel=False
2026-10-08T02:25:51 done=756/4225 elapsed=939.6s eta=25463.3s last=C1,P1+P2,beta=0.7662,n_target=20,gamma=100,protect=False,never_cancel=False
2026-10-08T02:27:05 done=758/4225 elapsed=1012.7s eta=27008.6s last=C1,P1+P2,beta=0.7662,n_target=20,gamma=1000,protect=False,never_cancel=False
2026-10-08T02:27:07 done=760/4225 elapsed=1014.8s eta=26639.7s last=C1,P1+P2 (protect),beta=0.7662,n_target=5,gamma=10,protect=True,never_cancel=False
2026-10-08T02:27:18 done=770/4225 elapsed=1026.1s eta=24966.4s last=C1,P1+P2 (protect),beta=0.7662,n_target=10,gamma=1000,protect=True,never_cancel=False
2026-10-08T02:28:01 done=780/4225 elapsed=1069.7s eta=24244.3s last=C1,P1+P2 (protect),beta=0.7662,n_target=20,gamma=100,protect=True,never_cancel=False
2026-10-08T02:28:36 done=790/4225 elapsed=1104.2s eta=23413.0s last=C1,P1 only,beta=2,n_target=5,gamma=1,protect=False,never_cancel=False
2026-10-08T02:29:37 done=800/4225 elapsed=1164.8s eta=23195.2s last=C1,P1+P2,beta=2,n_target=5,gamma=30,protect=False,never_cancel=False
2026-10-08T02:29:57 done=810/4225 elapsed=1185.4s eta=22241.9s last=C1,P1+P2,beta=2,n_target=15,gamma=3,protect=False,never_cancel=False
2026-10-08T02:31:09 done=816/4225 elapsed=1257.6s eta=22803.3s last=C1,P1+P2,beta=2,n_target=20,gamma=3,protect=False,never_cancel=False
2026-10-08T02:32:22 done=818/4225 elapsed=1330.5s eta=23857.2s last=C1,P1+P2,beta=2,n_target=20,gamma=30,protect=False,never_cancel=False
2026-10-08T02:33:35 done=820/4225 elapsed=1403.0s eta=24880.7s last=C1,P1+P2,beta=2,n_target=20,gamma=300,protect=False,never_cancel=False
2026-10-08T02:34:21 done=830/4225 elapsed=1448.9s eta=24350.8s last=C1,P1+P2 (protect),beta=2,n_target=10,gamma=30,protect=True,never_cancel=False
2026-10-08T02:34:46 done=840/4225 elapsed=1474.2s eta=23538.0s last=C1,P1+P2 (protect),beta=2,n_target=20,gamma=3,protect=True,never_cancel=False
2026-10-08T02:35:23 done=845/4225 elapsed=1511.5s eta=23543.7s last=C1,P1+P2 (protect),beta=2,n_target=20,gamma=1000,protect=True,never_cancel=False
2026-10-08T02:36:08 done=880/4225 elapsed=1556.4s eta=20659.9s last=C2,P1 only,beta=2e-05,n_target=10,gamma=1,protect=False,never_cancel=False
2026-10-08T02:37:08 done=890/4225 elapsed=1616.6s eta=20577.7s last=C2,P1+P2,beta=2e-05,n_target=5,gamma=100,protect=False,never_cancel=False
2026-10-08T02:37:36 done=900/4225 elapsed=1644.1s eta=20098.3s last=C2,P1+P2,beta=2e-05,n_target=15,gamma=10,protect=False,never_cancel=False
2026-10-08T02:38:42 done=905/4225 elapsed=1709.8s eta=20493.3s last=C2,P1+P2,beta=2e-05,n_target=20,gamma=3,protect=False,never_cancel=False
2026-10-08T02:39:54 done=907/4225 elapsed=1782.2s eta=21195.3s last=C2,P1+P2,beta=2e-05,n_target=20,gamma=30,protect=False,never_cancel=False
2026-10-08T02:41:08 done=909/4225 elapsed=1856.2s eta=21904.1s last=C2,P1+P2,beta=2e-05,n_target=20,gamma=300,protect=False,never_cancel=False
2026-10-08T02:41:45 done=910/4225 elapsed=1893.2s eta=22254.7s last=C2,P1+P2,beta=2e-05,n_target=20,gamma=1000,protect=False,never_cancel=False
2026-10-08T02:41:56 done=920/4225 elapsed=1904.6s eta=21557.5s last=C2,P1+P2 (protect),beta=2e-05,n_target=10,gamma=100,protect=True,never_cancel=False
2026-10-08T02:42:28 done=930/4225 elapsed=1936.3s eta=21126.4s last=C2,P1+P2 (protect),beta=2e-05,n_target=20,gamma=10,protect=True,never_cancel=False
2026-10-08T02:43:15 done=940/4225 elapsed=1983.3s eta=20882.1s last=C2,P2 only,beta=5.22e-05,n_target=0,gamma=300,protect=False,never_cancel=False
2026-10-08T02:44:16 done=950/4225 elapsed=2043.9s eta=20787.8s last=C2,P1+P2,beta=5.22e-05,n_target=5,gamma=3,protect=False,never_cancel=False
2026-10-08T02:44:30 done=960/4225 elapsed=2058.4s eta=20243.3s last=C2,P1+P2,beta=5.22e-05,n_target=10,gamma=300,protect=False,never_cancel=False
2026-10-08T02:45:52 done=968/4225 elapsed=2139.9s eta=20498.8s last=C2,P1+P2,beta=5.22e-05,n_target=20,gamma=3,protect=False,never_cancel=False
2026-10-08T02:47:05 done=970/4225 elapsed=2212.9s eta=21061.2s last=C2,P1+P2,beta=5.22e-05,n_target=20,gamma=30,protect=False,never_cancel=False
2026-10-08T02:48:18 done=972/4225 elapsed=2286.0s eta=21617.0s last=C2,P1+P2,beta=5.22e-05,n_target=20,gamma=300,protect=False,never_cancel=False
2026-10-08T02:49:02 done=980/4225 elapsed=2330.0s eta=21479.7s last=C2,P1+P2 (protect),beta=5.22e-05,n_target=10,gamma=3,protect=True,never_cancel=False
2026-10-08T02:49:20 done=990/4225 elapsed=2348.1s eta=20983.3s last=C2,P1+P2 (protect),beta=5.22e-05,n_target=15,gamma=300,protect=True,never_cancel=False
2026-10-08T02:50:20 done=999/4225 elapsed=2408.3s eta=20941.0s last=C2,P2 only,beta=0.0001363,n_target=0,gamma=3,protect=False,never_cancel=False
2026-10-08T02:50:21 done=1000/4225 elapsed=2409.3s eta=20887.3s last=C2,P2 only,beta=0.0001363,n_target=0,gamma=10,protect=False,never_cancel=False
2026-10-08T02:51:14 done=1010/4225 elapsed=2462.7s eta=20726.3s last=C2,P1 only (protect),beta=0.0001363,n_target=10,gamma=1,protect=True,never_cancel=False
2026-10-08T02:51:34 done=1020/4225 elapsed=2482.4s eta=20296.1s last=C2,P1+P2,beta=0.0001363,n_target=10,gamma=10,protect=False,never_cancel=False
2026-10-08T02:52:24 done=1030/4225 elapsed=2532.7s eta=20129.0s last=C2,P1+P2,beta=0.0001363,n_target=15,gamma=1000,protect=False,never_cancel=False
2026-10-08T02:53:38 done=1032/4225 elapsed=2606.0s eta=20596.3s last=C2,P1+P2,beta=0.0001363,n_target=20,gamma=10,protect=False,never_cancel=False
2026-10-08T02:54:51 done=1034/4225 elapsed=2678.8s eta=21054.1s last=C2,P1+P2,beta=0.0001363,n_target=20,gamma=100,protect=False,never_cancel=False
2026-10-08T02:56:03 done=1036/4225 elapsed=2751.5s eta=21506.4s last=C2,P1+P2,beta=0.0001363,n_target=20,gamma=1000,protect=False,never_cancel=False
2026-10-08T02:56:08 done=1040/4225 elapsed=2755.8s eta=21303.8s last=C2,P1+P2 (protect),beta=0.0001363,n_target=5,gamma=100,protect=True,never_cancel=False
2026-10-08T02:56:22 done=1050/4225 elapsed=2770.1s eta=20841.4s last=C2,P1+P2 (protect),beta=0.0001363,n_target=15,gamma=10,protect=True,never_cancel=False
2026-10-08T02:57:16 done=1060/4225 elapsed=2824.3s eta=20691.7s last=C2,P1+P2 (protect),beta=0.0001363,n_target=20,gamma=1000,protect=True,never_cancel=False
2026-10-08T02:57:45 done=1070/4225 elapsed=2853.0s eta=20365.1s last=C2,P1 only,beta=0.0003557,n_target=15,gamma=1,protect=False,never_cancel=False
2026-10-08T02:58:40 done=1080/4225 elapsed=2908.1s eta=20234.5s last=C2,P1+P2,beta=0.0003557,n_target=5,gamma=300,protect=False,never_cancel=False
2026-10-08T02:59:14 done=1090/4225 elapsed=2941.9s eta=19962.7s last=C2,P1+P2,beta=0.0003557,n_target=15,gamma=30,protect=False,never_cancel=False
2026-10-08T03:00:19 done=1094/4225 elapsed=3007.3s eta=20206.0s last=C2,P1+P2,beta=0.0003557,n_target=20,gamma=3,protect=False,never_cancel=False
2026-10-08T03:01:40 done=1096/4225 elapsed=3088.7s eta=20650.4s last=C2,P1+P2,beta=0.0003557,n_target=20,gamma=30,protect=False,never_cancel=False
2026-10-08T03:03:07 done=1098/4225 elapsed=3175.1s eta=21124.8s last=C2,P1+P2,beta=0.0003557,n_target=20,gamma=300,protect=False,never_cancel=False
2026-10-08T03:03:47 done=1100/4225 elapsed=3215.6s eta=21289.6s last=C2,P1+P2 (protect),beta=0.0003557,n_target=5,gamma=3,protect=True,never_cancel=False
2026-10-08T03:04:00 done=1110/4225 elapsed=3228.4s eta=20864.0s last=C2,P1+P2 (protect),beta=0.0003557,n_target=10,gamma=300,protect=True,never_cancel=False
2026-10-08T03:04:45 done=1120/4225 elapsed=3273.6s eta=20659.5s last=C2,P1+P2 (protect),beta=0.0003557,n_target=20,gamma=30,protect=True,never_cancel=False
2026-10-08T03:05:30 done=1130/4225 elapsed=3318.2s eta=20458.1s last=C2,P2 only,beta=0.0009283,n_target=0,gamma=1000,protect=False,never_cancel=False
2026-10-08T03:06:34 done=1138/4225 elapsed=3382.2s eta=20472.5s last=C2,P1 only (protect),beta=0.0009283,n_target=20,gamma=1,protect=True,never_cancel=False
2026-10-08T03:06:36 done=1140/4225 elapsed=3384.4s eta=20392.3s last=C2,P1+P2,beta=0.0009283,n_target=5,gamma=10,protect=False,never_cancel=False
2026-10-08T03:06:52 done=1150/4225 elapsed=3400.3s eta=20030.6s last=C2,P1+P2,beta=0.0009283,n_target=10,gamma=1000,protect=False,never_cancel=False
2026-10-08T03:08:19 done=1157/4225 elapsed=3487.5s eta=20226.0s last=C2,P1+P2,beta=0.0009283,n_target=20,gamma=3,protect=False,never_cancel=False
2026-10-08T03:09:39 done=1159/4225 elapsed=3566.7s eta=20594.2s last=C2,P1+P2,beta=0.0009283,n_target=20,gamma=30,protect=False,never_cancel=False
2026-10-08T03:10:17 done=1160/4225 elapsed=3605.6s eta=20772.9s last=C2,P1+P2,beta=0.0009283,n_target=20,gamma=100,protect=False,never_cancel=False
2026-10-08T03:11:36 done=1162/4225 elapsed=3684.5s eta=21134.3s last=C2,P1+P2,beta=0.0009283,n_target=20,gamma=1000,protect=False,never_cancel=False
2026-10-08T03:11:46 done=1170/4225 elapsed=3693.9s eta=20820.6s last=C2,P1+P2 (protect),beta=0.0009283,n_target=10,gamma=10,protect=True,never_cancel=False
2026-10-08T03:12:06 done=1180/4225 elapsed=3714.4s eta=20489.5s last=C2,P1+P2 (protect),beta=0.0009283,n_target=15,gamma=1000,protect=True,never_cancel=False
2026-10-08T03:13:07 done=1187/4225 elapsed=3775.3s eta=20517.7s last=C2,NoCancel,beta=0.002423,n_target=0,gamma=1,protect=False,never_cancel=True
2026-10-08T03:13:10 done=1190/4225 elapsed=3778.4s eta=20404.9s last=C2,P2 only,beta=0.002423,n_target=0,gamma=30,protect=False,never_cancel=False
2026-10-08T03:14:09 done=1200/4225 elapsed=3837.0s eta=20291.9s last=C2,P1 only (protect),beta=0.002423,n_target=15,gamma=1,protect=True,never_cancel=False
2026-10-08T03:14:29 done=1210/4225 elapsed=3857.5s eta=19983.2s last=C2,P1+P2,beta=0.002423,n_target=10,gamma=30,protect=False,never_cancel=False
2026-10-08T03:16:01 done=1220/4225 elapsed=3949.0s eta=20045.4s last=C2,P1+P2,beta=0.002423,n_target=20,gamma=3,protect=False,never_cancel=False
2026-10-08T03:17:20 done=1222/4225 elapsed=4027.9s eta=20363.1s last=C2,P1+P2,beta=0.002423,n_target=20,gamma=30,protect=False,never_cancel=False
2026-10-08T03:18:39 done=1224/4225 elapsed=4106.8s eta=20678.6s last=C2,P1+P2,beta=0.002423,n_target=20,gamma=300,protect=False,never_cancel=False
2026-10-08T03:19:24 done=1230/4225 elapsed=4151.8s eta=20655.5s last=C2,P1+P2 (protect),beta=0.002423,n_target=5,gamma=300,protect=True,never_cancel=False
2026-10-08T03:19:40 done=1240/4225 elapsed=4168.6s eta=20332.1s last=C2,P1+P2 (protect),beta=0.002423,n_target=15,gamma=30,protect=True,never_cancel=False
2026-10-08T03:20:50 done=1250/4225 elapsed=4238.4s eta=20271.9s last=C2,NoCancel,beta=0.006325,n_target=0,gamma=1,protect=False,never_cancel=True
2026-10-08T03:21:47 done=1260/4225 elapsed=4295.5s eta=20152.2s last=C2,P1 only,beta=0.006325,n_target=20,gamma=1,protect=False,never_cancel=False
2026-10-08T03:22:08 done=1270/4225 elapsed=4315.7s eta=19864.4s last=C2,P1+P2,beta=0.006325,n_target=5,gamma=1000,protect=False,never_cancel=False
2026-10-08T03:22:51 done=1280/4225 elapsed=4359.2s eta=19690.1s last=C2,P1+P2,beta=0.006325,n_target=15,gamma=100,protect=False,never_cancel=False
2026-10-08T03:24:26 done=1284/4225 elapsed=4454.1s eta=19968.8s last=C2,P1+P2,beta=0.006325,n_target=20,gamma=10,protect=False,never_cancel=False
2026-10-08T03:25:45 done=1286/4225 elapsed=4533.1s eta=20247.4s last=C2,P1+P2,beta=0.006325,n_target=20,gamma=100,protect=False,never_cancel=False
2026-10-08T03:27:04 done=1288/4225 elapsed=4612.4s eta=20525.1s last=C2,P1+P2,beta=0.006325,n_target=20,gamma=1000,protect=False,never_cancel=False
2026-10-08T03:27:07 done=1290/4225 elapsed=4614.8s eta=20459.9s last=C2,P1+P2 (protect),beta=0.006325,n_target=5,gamma=10,protect=True,never_cancel=False
2026-10-08T03:27:19 done=1300/4225 elapsed=4627.3s eta=20141.0s last=C2,P1+P2 (protect),beta=0.006325,n_target=10,gamma=1000,protect=True,never_cancel=False
2026-10-08T03:28:07 done=1310/4225 elapsed=4675.0s eta=19982.1s last=C2,P1+P2 (protect),beta=0.006325,n_target=20,gamma=100,protect=True,never_cancel=False
2026-10-08T03:28:44 done=1320/4225 elapsed=4712.2s eta=19781.6s last=C2,P1 only,beta=0.01651,n_target=5,gamma=1,protect=False,never_cancel=False
2026-10-08T03:29:47 done=1327/4225 elapsed=4774.7s eta=19795.6s last=C2,P1 only (protect),beta=0.01651,n_target=20,gamma=1,protect=True,never_cancel=False
2026-10-08T03:29:50 done=1330/4225 elapsed=4778.0s eta=19704.1s last=C2,P1+P2,beta=0.01651,n_target=5,gamma=30,protect=False,never_cancel=False
2026-10-08T03:30:12 done=1340/4225 elapsed=4800.6s eta=19451.7s last=C2,P1+P2,beta=0.01651,n_target=15,gamma=3,protect=False,never_cancel=False
2026-10-08T03:31:31 done=1346/4225 elapsed=4879.1s eta=19564.1s last=C2,P1+P2,beta=0.01651,n_target=20,gamma=3,protect=False,never_cancel=False
2026-10-08T03:32:50 done=1348/4225 elapsed=4958.2s eta=19812.3s last=C2,P1+P2,beta=0.01651,n_target=20,gamma=30,protect=False,never_cancel=False
2026-10-08T03:34:08 done=1350/4225 elapsed=5036.7s eta=20056.1s last=C2,P1+P2,beta=0.01651,n_target=20,gamma=300,protect=False,never_cancel=False
2026-10-08T03:34:58 done=1360/4225 elapsed=5086.7s eta=19909.0s last=C2,P1+P2 (protect),beta=0.01651,n_target=10,gamma=30,protect=True,never_cancel=False
2026-10-08T03:35:26 done=1370/4225 elapsed=5114.5s eta=19679.1s last=C2,P1+P2 (protect),beta=0.01651,n_target=20,gamma=3,protect=True,never_cancel=False
2026-10-08T03:36:24 done=1380/4225 elapsed=5172.5s eta=19568.9s last=C2,P2 only,beta=0.04309,n_target=0,gamma=100,protect=False,never_cancel=False
2026-10-08T03:37:31 done=1390/4225 elapsed=5239.1s eta=19491.9s last=C2,P1 only (protect),beta=0.04309,n_target=20,gamma=1,protect=True,never_cancel=False
2026-10-08T03:37:45 done=1400/4225 elapsed=5253.7s eta=19225.0s last=C2,P1+P2,beta=0.04309,n_target=10,gamma=100,protect=False,never_cancel=False
2026-10-08T03:39:16 done=1409/4225 elapsed=5343.9s eta=19268.3s last=C2,P1+P2,beta=0.04309,n_target=20,gamma=3,protect=False,never_cancel=False
2026-10-08T03:39:55 done=1410/4225 elapsed=5383.3s eta=19378.6s last=C2,P1+P2,beta=0.04309,n_target=20,gamma=10,protect=False,never_cancel=False
2026-10-08T03:41:14 done=1412/4225 elapsed=5462.6s eta=19599.8s last=C2,P1+P2,beta=0.04309,n_target=20,gamma=100,protect=False,never_cancel=False
2026-10-08T03:42:34 done=1414/4225 elapsed=5542.3s eta=19821.2s last=C2,P1+P2,beta=0.04309,n_target=20,gamma=1000,protect=False,never_cancel=False
2026-10-08T03:42:41 done=1420/4225 elapsed=5549.1s eta=19653.1s last=C2,P1+P2 (protect),beta=0.04309,n_target=5,gamma=1000,protect=True,never_cancel=False
2026-10-08T03:42:59 done=1430/4225 elapsed=5567.4s eta=19402.6s last=C2,P1+P2 (protect),beta=0.04309,n_target=15,gamma=100,protect=True,never_cancel=False
2026-10-08T03:44:06 done=1439/4225 elapsed=5634.2s eta=19354.9s last=C2,NoCancel,beta=0.1125,n_target=0,gamma=1,protect=False,never_cancel=True
2026-10-08T03:44:07 done=1440/4225 elapsed=5635.2s eta=19327.8s last=C2,P2 only,beta=0.1125,n_target=0,gamma=3,protect=False,never_cancel=False
2026-10-08T03:45:04 done=1450/4225 elapsed=5691.9s eta=19215.3s last=C2,P1 only (protect),beta=0.1125,n_target=5,gamma=1,protect=True,never_cancel=False
2026-10-08T03:45:25 done=1460/4225 elapsed=5712.9s eta=18985.7s last=C2,P1+P2,beta=0.1125,n_target=10,gamma=3,protect=False,never_cancel=False
2026-10-08T03:46:13 done=1470/4225 elapsed=5761.0s eta=18849.8s last=C2,P1+P2,beta=0.1125,n_target=15,gamma=300,protect=False,never_cancel=False
2026-10-08T03:47:40 done=1473/4225 elapsed=5848.2s eta=19046.5s last=C2,P1+P2,beta=0.1125,n_target=20,gamma=10,protect=False,never_cancel=False
2026-10-08T03:48:59 done=1475/4225 elapsed=5927.1s eta=19243.9s last=C2,P1+P2,beta=0.1125,n_target=20,gamma=100,protect=False,never_cancel=False
2026-10-08T03:50:17 done=1477/4225 elapsed=6005.6s eta=19438.5s last=C2,P1+P2,beta=0.1125,n_target=20,gamma=1000,protect=False,never_cancel=False
2026-10-08T03:50:21 done=1480/4225 elapsed=6008.8s eta=19359.3s last=C2,P1+P2 (protect),beta=0.1125,n_target=5,gamma=30,protect=True,never_cancel=False
2026-10-08T03:50:35 done=1490/4225 elapsed=6023.0s eta=19110.2s last=C2,P1+P2 (protect),beta=0.1125,n_target=15,gamma=3,protect=True,never_cancel=False
2026-10-08T03:51:28 done=1500/4225 elapsed=6076.7s eta=18989.6s last=C2,P1+P2 (protect),beta=0.1125,n_target=20,gamma=300,protect=True,never_cancel=False
2026-10-08T03:52:00 done=1510/4225 elapsed=6107.7s eta=18801.0s last=C2,P1 only,beta=0.2936,n_target=10,gamma=1,protect=False,never_cancel=False
2026-10-08T03:53:00 done=1516/4225 elapsed=6168.6s eta=18818.3s last=C2,P1 only (protect),beta=0.2936,n_target=20,gamma=1,protect=True,never_cancel=False
2026-10-08T03:53:05 done=1520/4225 elapsed=6173.1s eta=18720.1s last=C2,P1+P2,beta=0.2936,n_target=5,gamma=100,protect=False,never_cancel=False
2026-10-08T03:53:34 done=1530/4225 elapsed=6202.3s eta=18531.3s last=C2,P1+P2,beta=0.2936,n_target=15,gamma=10,protect=False,never_cancel=False
2026-10-08T03:54:45 done=1535/4225 elapsed=6273.4s eta=18605.7s last=C2,P1+P2,beta=0.2936,n_target=20,gamma=3,protect=False,never_cancel=False
2026-10-08T03:56:04 done=1537/4225 elapsed=6352.0s eta=18783.6s last=C2,P1+P2,beta=0.2936,n_target=20,gamma=30,protect=False,never_cancel=False
2026-10-08T03:57:23 done=1539/4225 elapsed=6431.3s eta=18962.2s last=C2,P1+P2,beta=0.2936,n_target=20,gamma=300,protect=False,never_cancel=False
2026-10-08T03:58:03 done=1540/4225 elapsed=6470.7s eta=19050.3s last=C2,P1+P2,beta=0.2936,n_target=20,gamma=1000,protect=False,never_cancel=False
2026-10-08T03:58:15 done=1550/4225 elapsed=6483.1s eta=18809.4s last=C2,P1+P2 (protect),beta=0.2936,n_target=10,gamma=100,protect=True,never_cancel=False
2026-10-08T03:58:50 done=1560/4225 elapsed=6518.2s eta=18638.4s last=C2,P1+P2 (protect),beta=0.2936,n_target=20,gamma=10,protect=True,never_cancel=False
2026-10-08T03:59:42 done=1570/4225 elapsed=6569.8s eta=18516.9s last=C2,P2 only,beta=0.7662,n_target=0,gamma=300,protect=False,never_cancel=False
2026-10-08T04:00:49 done=1579/4225 elapsed=6637.0s eta=18466.3s last=C2,P1 only (protect),beta=0.7662,n_target=20,gamma=1,protect=True,never_cancel=False
2026-10-08T04:00:50 done=1580/4225 elapsed=6638.1s eta=18443.1s last=C2,P1+P2,beta=0.7662,n_target=5,gamma=3,protect=False,never_cancel=False
2026-10-08T04:01:05 done=1590/4225 elapsed=6653.6s eta=18224.9s last=C2,P1+P2,beta=0.7662,n_target=10,gamma=300,protect=False,never_cancel=False
2026-10-08T04:02:35 done=1598/4225 elapsed=6743.3s eta=18262.4s last=C2,P1+P2,beta=0.7662,n_target=20,gamma=3,protect=False,never_cancel=False
2026-10-08T04:03:56 done=1600/4225 elapsed=6824.2s eta=18429.5s last=C2,P1+P2,beta=0.7662,n_target=20,gamma=30,protect=False,never_cancel=False
2026-10-08T04:05:16 done=1602/4225 elapsed=6904.4s eta=18593.8s last=C2,P1+P2,beta=0.7662,n_target=20,gamma=300,protect=False,never_cancel=False
2026-10-08T04:06:03 done=1610/4225 elapsed=6951.6s eta=18511.8s last=C2,P1+P2 (protect),beta=0.7662,n_target=10,gamma=3,protect=True,never_cancel=False
2026-10-08T04:06:23 done=1620/4225 elapsed=6971.6s eta=18307.4s last=C2,P1+P2 (protect),beta=0.7662,n_target=15,gamma=300,protect=True,never_cancel=False
2026-10-08T04:07:28 done=1628/4225 elapsed=7036.6s eta=18274.0s last=C2,NoCancel,beta=2,n_target=0,gamma=1,protect=False,never_cancel=True
2026-10-08T04:07:31 done=1630/4225 elapsed=7038.9s eta=18229.5s last=C2,P2 only,beta=2,n_target=0,gamma=10,protect=False,never_cancel=False
2026-10-08T04:08:29 done=1640/4225 elapsed=7096.8s eta=18127.8s last=C2,P1 only (protect),beta=2,n_target=10,gamma=1,protect=True,never_cancel=False
2026-10-08T04:08:50 done=1650/4225 elapsed=7118.2s eta=17934.8s last=C2,P1+P2,beta=2,n_target=10,gamma=10,protect=False,never_cancel=False
2026-10-08T04:09:45 done=1660/4225 elapsed=7173.3s eta=17829.1s last=C2,P1+P2,beta=2,n_target=15,gamma=1000,protect=False,never_cancel=False
2026-10-08T04:11:05 done=1662/4225 elapsed=7253.5s eta=17979.4s last=C2,P1+P2,beta=2,n_target=20,gamma=10,protect=False,never_cancel=False
2026-10-08T04:12:28 done=1664/4225 elapsed=7335.9s eta=18134.5s last=C2,P1+P2,beta=2,n_target=20,gamma=100,protect=False,never_cancel=False
2026-10-08T04:13:46 done=1666/4225 elapsed=7414.2s eta=18278.4s last=C2,P1+P2,beta=2,n_target=20,gamma=1000,protect=False,never_cancel=False
2026-10-08T04:13:50 done=1670/4225 elapsed=7418.4s eta=18190.1s last=C2,P1+P2 (protect),beta=2,n_target=5,gamma=100,protect=True,never_cancel=False
2026-10-08T04:14:05 done=1680/4225 elapsed=7433.2s eta=17982.5s last=C2,P1+P2 (protect),beta=2,n_target=15,gamma=10,protect=True,never_cancel=False
2026-10-08T04:15:01 done=1690/4225 elapsed=7489.5s eta=17877.5s last=C2,P1+P2 (protect),beta=2,n_target=20,gamma=1000,protect=True,never_cancel=False
